images/oncology_surgery_bg.png
images/K_002.jpeg
images/checkup_blood.png
images/K_002_clean.png
images/checkup_imaging.png
images/orthopedic_surgery_bg.png
images/checkup_urine.png
images/endocrinology_bg.png
images/K_004.jpeg
images/K_003.png
images/KakaoTalk_Image_2026-03-05-14-46-11_003.jpeg
images/dermatology_bg.png
images/gastroenterology_bg.png
images/oncology_bg.png
images/cardiology_bg.png
images/checkup_physical.png
images/K_001.jpeg
images/dentistry_bg.png
images/nephrology_bg.png
images/Homepage/AM403110.jpg
images/Homepage/AM400900.jpg
images/Homepage/AM402300.jpg
images/Homepage/AM401740.jpg
images/Homepage/AM401637.jpg
images/Homepage/AM402500.jpg
images/Homepage/AM400100.jpg
images/Homepage/AM403350.jpg
images/Homepage/AM400360.jpg
images/Homepage/AM401295.jpg
images/hitory/진천3번째사진.png
images/hitory/history3.png
images/hitory/2015최초사진.jpeg
images/hitory/진천2번째사진.jpeg
images/진천점/branch020.webp
images/진천점/branch017.webp
images/진천점/branch021.webp
images/진천점/branch010.webp
images/진천점/branch026.webp
images/진천점/branch012.webp
images/진천점/branch024.webp
images/진천점/branch009.webp
images/진천점/branch025.webp
images/진천점/branch013.webp
images/진천점/branch017 2.webp
images/진천점/branch022.webp
images/진천점/branch018.webp
images/진천점/branch002.webp
images/진천점/branch003.webp
images/진천점/branch015.webp
images/진천점/branch019.webp
images/진천점/branch023.webp
images/혁신도시점/카톡받은사진/KakaoTalk_Image_2026-02-22-17-19-23_003.jpeg
images/혁신도시점/카톡받은사진/KakaoTalk_Image_2026-02-22-17-18-08_002.jpeg
images/혁신도시점/카톡받은사진/KakaoTalk_Image_2026-02-22-17-17-28_001.jpeg
images/혁신도시점/카톡받은사진/KakaoTalk_Image_2026-02-22-17-17-32_011.jpeg
images/혁신도시점/카톡받은사진/KakaoTalk_Image_2026-02-22-17-19-24_005.jpeg
images/혁신도시점/카톡받은사진/KakaoTalk_Photo_2026-02-22-17-18-58.jpeg
images/혁신도시점/카톡받은사진/KakaoTalk_Photo_2026-02-22-17-18-53.jpeg
images/혁신도시점/카톡받은사진/KakaoTalk_Image_2026-02-22-17-19-02_001.jpeg
images/혁신도시점/카톡받은사진/KakaoTalk_Image_2026-02-22-17-17-31_009.jpeg
images/혁신도시점/카톡받은사진/KakaoTalk_Image_2026-02-22-17-19-23_004.jpeg
images/혁신도시점/카톡받은사진/KakaoTalk_Image_2026-02-22-17-19-27_010.jpeg
images/혁신도시점/카톡받은사진/KakaoTalk_Image_2026-02-22-17-17-30_007.jpeg
images/혁신도시점/카톡받은사진/KakaoTalk_Image_2026-02-22-17-17-29_004.jpeg
images/혁신도시점/카톡받은사진/KakaoTalk_Image_2026-02-22-17-19-26_009.jpeg
images/혁신도시점/카톡받은사진/KakaoTalk_Image_2026-02-22-17-17-29_005.jpeg
images/혁신도시점/카톡받은사진/KakaoTalk_Photo_2026-02-22-17-18-50.jpeg
images/혁신도시점/카톡받은사진/KakaoTalk_Image_2026-02-22-17-19-02_002.jpeg
images/혁신도시점/카톡받은사진/KakaoTalk_Image_2026-02-22-17-17-30_006.jpeg
images/혁신도시점/카톡받은사진/KakaoTalk_Image_2026-02-22-17-19-22_001.jpeg
images/혁신도시점/카톡받은사진/KakaoTalk_Image_2026-02-22-17-19-24_006.jpeg
images/혁신도시점/카톡받은사진/KakaoTalk_Photo_2026-02-22-17-18-56.jpeg
images/혁신도시점/카톡받은사진/KakaoTalk_Image_2026-02-22-17-17-29_003.jpeg
images/혁신도시점/Homepage/A00005.jpg
images/혁신도시점/Homepage/A00010.jpeg
images/혁신도시점/Homepage/A00004.jpg
images/혁신도시점/Homepage/A00012.jpg
images/혁신도시점/Homepage/A00006.jpg
images/혁신도시점/Homepage/A00007.jpg
images/혁신도시점/Homepage/A00013.jpg
images/혁신도시점/Homepage/A00003.jpg
images/혁신도시점/Homepage/A00016.png
images/혁신도시점/Homepage/A00014.jpg
images/혁신도시점/Homepage/A00011.jpeg
images/혁신도시점/Homepage/A00015.jpg
images/혁신도시점/Homepage/A00001.jpg
images/혁신도시점/Homepage/A00002.jpeg
images/혁신도시점/Homepage/A00008.jpeg
images/혁신도시점/Homepage/A00009.jpeg
images/혁신도시점/스크린샷/스크린샷 2026-01-06 오후 10.31.04.png
images/혁신도시점/스크린샷/스크린샷 2026-01-06 오후 10.30.51.png
images/혁신도시점/스크린샷/스크린샷 2026-01-06 오후 10.24.24.png
images/혁신도시점/스크린샷/스크린샷 2026-01-06 오후 10.26.22.png
images/혁신도시점/스크린샷/스크린샷 2026-01-06 오후 10.30.42.png
images/혁신도시점/스크린샷/스크린샷 2026-01-06 오후 10.28.21.png
images/혁신도시점/스크린샷/스크린샷 2026-01-06 오후 10.24.46.png
images/혁신도시점/스크린샷/스크린샷 2026-01-06 오후 10.26.42.png
images/혁신도시점/스크린샷/스크린샷 2026-01-06 오후 10.28.53.png
images/혁신도시점/스크린샷/gallery4.png
images/혁신도시점/스크린샷/스크린샷 2026-01-06 오후 10.29.13.png
images/혁신도시점/스크린샷/스크린샷 2026-01-06 오후 10.26.54.png
images/혁신도시점/스크린샷/스크린샷 2026-01-06 오후 10.22.19.png
images/혁신도시점/스크린샷/스크린샷 2026-01-06 오후 10.30.19.png
images/혁신도시점/스크린샷/gallery3.png
images/혁신도시점/스크린샷/gallery2.png
images/혁신도시점/스크린샷/스크린샷 2026-01-06 오후 10.28.43.png
images/혁신도시점/스크린샷/스크린샷 2026-01-06 오후 10.27.13.png
images/혁신도시점/스크린샷/스크린샷 2026-01-06 오후 10.29.02.png
images/혁신도시점/스크린샷/스크린샷 2026-01-06 오후 10.27.23.png
images/혁신도시점/스크린샷/스크린샷 2026-01-06 오후 10.23.51.png
images/혁신도시점/스크린샷/스크린샷 2026-01-06 오후 10.30.10.png
images/혁신도시점/스크린샷/스크린샷 2026-01-06 오후 10.29.44.png
images/혁신도시점/스크린샷/스크린샷 2026-01-06 오후 10.24.04.png
images/혁신도시점/스크린샷/스크린샷 2026-01-06 오후 10.25.44.png
images/혁신도시점/스크린샷/스크린샷 2026-01-06 오후 10.28.11.png
images/혁신도시점/스크린샷/스크린샷 2026-01-06 오후 10.27.56.png
images/혁신도시점/스크린샷/스크린샷 2026-01-06 오후 10.27.43.png
images/혁신도시점/스크린샷/스크린샷 2026-01-06 오후 10.29.56.png
images/혁신도시점/스크린샷/스크린샷 2026-01-06 오후 10.25.56.png
images/혁신도시점/스크린샷/스크린샷 2026-01-06 오후 10.22.48.png
images/프로필사진_원본/임주혁 교육실장.jpeg
images/프로필사진_원본/최수영 수의사.jpg
images/프로필사진_원본/이성재 수의사.jpg
images/프로필사진_원본/이혜지 파트장.jpg
images/프로필사진_원본/정다슬 파트장.jpg
images/프로필사진_원본/신서은 외과과장.jpg
images/프로필사진_원본/박예리 원무과.jpg
images/프로필사진_원본/김미소 파트장.jpg
images/프로필사진_원본/정다유 기획,마케팅.jpg
images/프로필사진_원본/성지세 대표원장.jpg
images/프로필사진_원본/양진영 진천점원장.jpg
images/프로필사진_원본/정세민 수의사.jpg
images/프로필사진_원본/신동헌 내과과장.jpg
images/프로필사진_원본/이한림프로필원본.jpg
images/프로필사진_원본/손은영 파트장.jpg
images/고양이특화병원/진료실3.jpeg
images/고양이특화병원/대기실4.jpeg
images/고양이특화병원/진료실2.jpeg
images/고양이특화병원/대기실2.jpeg
images/고양이특화병원/대기실3.jpeg
images/고양이특화병원/진료실4.jpeg
images/고양이특화병원/대기실1.jpeg
images/고양이특화병원/진료실1.jpeg
images/tour_0319/tour_08_clean.jpg
images/tour_0319/tour_08_clean.png
images/in_dept/카톡받은사진/KakaoTalk_Image_2026-02-22-17-19-23_003.jpeg
images/in_dept/카톡받은사진/KakaoTalk_Image_2026-02-22-17-17-32_010.jpeg
images/in_dept/카톡받은사진/KakaoTalk_Image_2026-02-22-17-18-08_002.jpeg
images/in_dept/카톡받은사진/KakaoTalk_Image_2026-02-22-17-19-39_008.jpeg
images/in_dept/카톡받은사진/KakaoTalk_Image_2026-02-22-17-18-09_003.jpeg
images/in_dept/카톡받은사진/KakaoTalk_Image_2026-02-22-17-17-28_001.jpeg
images/in_dept/카톡받은사진/KakaoTalk_Image_2026-02-22-17-19-22_002.jpeg
images/in_dept/카톡받은사진/KakaoTalk_Image_2026-02-22-17-17-32_011.jpeg
images/in_dept/카톡받은사진/KakaoTalk_Image_2026-02-22-17-19-24_005.jpeg
images/in_dept/카톡받은사진/KakaoTalk_Photo_2026-02-22-17-18-58.jpeg
images/in_dept/카톡받은사진/KakaoTalk_Photo_2026-02-22-17-18-53.jpeg
images/in_dept/카톡받은사진/KakaoTalk_Image_2026-02-22-17-19-02_001.jpeg
images/in_dept/카톡받은사진/KakaoTalk_Photo_2026-03-26-22-21-24.png
images/in_dept/카톡받은사진/KakaoTalk_Image_2026-02-22-17-17-31_009.jpeg
images/in_dept/카톡받은사진/KakaoTalk_Image_2026-02-22-17-17-31_008.jpeg
images/in_dept/카톡받은사진/KakaoTalk_Image_2026-02-22-17-19-23_004.jpeg
images/in_dept/카톡받은사진/KakaoTalk_Image_2026-02-22-17-19-27_010.jpeg
images/in_dept/카톡받은사진/KakaoTalk_Image_2026-02-22-17-17-30_007.jpeg
images/in_dept/카톡받은사진/KakaoTalk_Image_2026-02-22-17-17-29_004.jpeg
images/in_dept/카톡받은사진/KakaoTalk_Image_2026-02-22-17-19-26_009.jpeg
images/in_dept/카톡받은사진/KakaoTalk_Image_2026-02-22-17-17-29_005.jpeg
images/in_dept/카톡받은사진/KakaoTalk_Photo_2026-02-22-17-18-50.jpeg
images/in_dept/카톡받은사진/KakaoTalk_Image_2026-02-22-17-19-02_002.jpeg
images/in_dept/카톡받은사진/KakaoTalk_Image_2026-02-22-17-17-30_006.jpeg
images/in_dept/카톡받은사진/KakaoTalk_Image_2026-02-22-17-17-28_002.jpeg
images/in_dept/카톡받은사진/KakaoTalk_Image_2026-02-22-17-19-22_001.jpeg
images/in_dept/카톡받은사진/KakaoTalk_Image_2026-02-22-17-19-24_006.jpeg
images/in_dept/카톡받은사진/KakaoTalk_Image_2026-02-22-17-19-37_005.jpeg
images/in_dept/카톡받은사진/KakaoTalk_Image_2026-02-22-17-18-08_001.jpeg
images/in_dept/카톡받은사진/KakaoTalk_Photo_2026-02-22-17-18-56.jpeg
images/in_dept/카톡받은사진/KakaoTalk_Photo_2026-02-22-17-19-00.jpeg
images/in_dept/카톡받은사진/KakaoTalk_Image_2026-02-22-17-20-26_016.jpeg
images/in_dept/카톡받은사진/KakaoTalk_Image_2026-02-22-17-19-25_007.jpeg
images/in_dept/카톡받은사진/KakaoTalk_Image_2026-02-22-17-19-38_006.jpeg
images/in_dept/카톡받은사진/KakaoTalk_Image_2026-02-22-17-17-29_003.jpeg
images/in_dept/진단센터/KakaoTalk_Image_2026-03-05-14-47-42_010.jpeg
images/in_dept/진단센터/KakaoTalk_Image_2026-03-05-14-47-42_006.jpeg
images/in_dept/진단센터/KakaoTalk_Image_2026-03-05-14-41-15_004.jpeg
images/in_dept/진단센터/KakaoTalk_Image_2026-03-05-14-47-42_007.jpeg
images/in_dept/진단센터/KakaoTalk_Image_2026-03-05-14-47-42_011.jpeg
images/in_dept/진단센터/KakaoTalk_Image_2026-03-05-14-47-43_016.jpeg
images/in_dept/진단센터/KakaoTalk_Image_2026-03-05-14-41-15_002.jpeg
images/in_dept/진단센터/KakaoTalk_Image_2026-03-05-14-46-11_003.jpeg
images/in_dept/진단센터/KakaoTalk_Image_2026-03-05-14-41-17_007.jpeg
images/in_dept/진단센터/KakaoTalk_Image_2026-03-05-14-46-10_002.jpeg
images/in_dept/진단센터/KakaoTalk_Image_2026-03-05-14-41-15_003.jpeg
images/in_dept/진단센터/KakaoTalk_Image_2026-03-05-14-47-43_017.jpeg
images/in_dept/진단센터/KakaoTalk_Image_2026-03-05-14-41-17_009.jpeg
images/in_dept/진단센터/KakaoTalk_Image_2026-03-05-14-47-42_002.jpeg
images/in_dept/진단센터/KakaoTalk_Image_2026-03-05-14-47-43_014.jpeg
images/in_dept/진단센터/KakaoTalk_Image_2026-03-05-14-41-16_005.jpeg
images/in_dept/진단센터/KakaoTalk_Image_2026-03-05-14-46-10_001.jpeg
images/in_dept/진단센터/KakaoTalk_Image_2026-03-05-14-47-43_015.jpeg
images/in_dept/진단센터/KakaoTalk_Image_2026-03-05-14-41-17_008.jpeg
images/in_dept/진단센터/KakaoTalk_Image_2026-03-05-14-47-42_003.jpeg
images/in_dept/진단센터/KakaoTalk_Image_2026-03-05-14-41-14_001.jpeg
images/in_dept/진단센터/KakaoTalk_Image_2026-03-05-14-47-41_001.jpeg
images/in_dept/진단센터/KakaoTalk_Image_2026-03-05-14-47-42_008.jpeg
images/in_dept/진단센터/KakaoTalk_Image_2026-03-05-14-47-42_004.jpeg
images/in_dept/진단센터/KakaoTalk_Image_2026-03-05-14-47-43_012.jpeg
images/in_dept/진단센터/KakaoTalk_Image_2026-03-05-14-47-43_013.jpeg
images/in_dept/진단센터/KakaoTalk_Image_2026-03-05-14-47-42_005.jpeg
images/in_dept/진단센터/KakaoTalk_Image_2026-03-05-14-47-42_009.jpeg
images/in_dept/스크린샷/스크린샷 2026-01-06 오후 10.31.04.png
images/in_dept/스크린샷/스크린샷 2026-01-06 오후 10.30.51.png
images/in_dept/스크린샷/스크린샷 2026-01-06 오후 10.24.24.png
images/in_dept/스크린샷/스크린샷 2026-01-06 오후 10.26.22.png
images/in_dept/스크린샷/스크린샷 2026-01-06 오후 10.30.42.png
images/in_dept/스크린샷/스크린샷 2026-01-06 오후 10.28.35.png
images/in_dept/스크린샷/스크린샷 2026-01-06 오후 10.28.21.png
images/in_dept/스크린샷/스크린샷 2026-01-06 오후 10.24.35.png
images/in_dept/스크린샷/스크린샷 2026-01-06 오후 10.24.46.png
images/in_dept/스크린샷/스크린샷 2026-01-06 오후 10.25.06.png
images/in_dept/스크린샷/스크린샷 2026-01-06 오후 10.26.42.png
images/in_dept/스크린샷/스크린샷 2026-01-06 오후 10.28.53.png
images/in_dept/스크린샷/스크린샷 2026-01-06 오후 10.29.13.png
images/in_dept/스크린샷/스크린샷 2026-01-06 오후 10.26.54.png
images/in_dept/스크린샷/스크린샷 2026-01-06 오후 10.22.19.png
images/in_dept/스크린샷/스크린샷 2026-01-06 오후 10.30.19.png
images/in_dept/스크린샷/스크린샷 2026-01-06 오후 10.27.01.png
images/in_dept/스크린샷/스크린샷 2026-01-06 오후 10.28.43.png
images/in_dept/스크린샷/스크린샷 2026-01-06 오후 10.27.13.png
images/in_dept/스크린샷/스크린샷 2026-01-06 오후 10.29.02.png
images/in_dept/스크린샷/스크린샷 2026-01-06 오후 10.27.23.png
images/in_dept/스크린샷/스크린샷 2026-01-06 오후 10.29.24.png
images/in_dept/스크린샷/스크린샷 2026-01-06 오후 10.23.51.png
images/in_dept/스크린샷/스크린샷 2026-01-06 오후 10.30.10.png
images/in_dept/스크린샷/스크린샷 2026-01-06 오후 10.30.29.png
images/in_dept/스크린샷/스크린샷 2026-01-06 오후 10.27.32.png
images/in_dept/스크린샷/스크린샷 2026-01-06 오후 10.29.44.png
images/in_dept/스크린샷/스크린샷 2026-01-06 오후 10.24.04.png
images/in_dept/스크린샷/스크린샷 2026-01-06 오후 10.25.44.png
images/in_dept/스크린샷/스크린샷 2026-01-06 오후 10.31.19.png
images/in_dept/스크린샷/스크린샷 2026-01-06 오후 10.28.11.png
images/in_dept/스크린샷/스크린샷 2026-01-06 오후 10.27.56.png
images/in_dept/스크린샷/스크린샷 2026-01-06 오후 10.27.43.png
images/in_dept/스크린샷/스크린샷 2026-01-06 오후 10.29.56.png
images/in_dept/스크린샷/스크린샷 2026-01-06 오후 10.25.56.png
images/in_dept/스크린샷/스크린샷 2026-01-06 오후 10.22.48.png
images/in_dept/스크린샷/스크린샷 2026-01-06 오후 10.26.11.png
images/in_dept/IN-sect4/스크린샷 2026-01-06 오후 10.31.04.png
images/in_dept/IN-sect4/스크린샷 2026-01-06 오후 10.26.22.png
images/in_dept/IN-sect4/스크린샷 2026-01-06 오후 10.30.42.png
images/in_dept/IN-sect4/KakaoTalk_Image_2026-02-22-17-17-28_001.jpeg
images/in_dept/IN-sect4/스크린샷 2026-01-06 오후 10.28.43.png
images/in_dept/IN-sect4/스크린샷 2026-01-06 오후 10.27.23.png
images/in_dept/IN-sect4/스크린샷 2026-01-06 오후 10.25.56.png
images/in_dept/IN-sect4/스크린샷 2026-01-06 오후 10.26.11.png
images/장비사진/INS030.jpg
images/장비사진/INS008.webp
images/장비사진/INS028.jpg
images/장비사진/INS014.png
images/장비사진/INS029.jpg
